// Vitest Snapshot v1, https://vitest.dev/guide/snapshot.html

exports[`Review card > Snapshot тест 1`] = `
<div>
  <div
    class="_container_c887ab"
  >
    <div
      class="_header_c887ab"
    >
      <div
        class="_person_c887ab"
      >
        <span
          class="_name_c887ab"
        >
          Иван
        </span>
        <span
          class="_text_c887ab"
        >
          Путешествовал(а) с детьми
          ,
          2
           персоны
        </span>
      </div>
      <div
        class="flex items-center justify-center w-8 h-6 rounded-xl text-grayscale-0 text-sm bg-green-gr"
      >
        4
      </div>
    </div>
    <div
      class="_reviews_c887ab"
    >
      <div
        class="_review_c887ab"
      >
        <div
          class="_positive_c887ab"
        />
        <span
          class="_text_c887ab"
        >
          Отличный сервис
        </span>
      </div>
      <div
        class="_review_c887ab"
      >
        <div
          class="_negative_c887ab"
        />
        <span
          class="_text_c887ab"
        >
          Долгое ожидание
        </span>
      </div>
    </div>
  </div>
</div>
`;
